---
source: src/tests/expr.rs
expression: "&snapshot"
---
--- Input ---
0.
---

Some(
    Spanned(
        Float(0, 0),
        0..2,
    ),
)

--- Errors ---
[]
---
