---
source: src/tests/expr.rs
expression: "&snapshot"
---
--- Input ---
{ }
---

Some(
    Spanned(
        Block(
            [],
        ),
        0..3,
    ),
)

--- Errors ---
[]
---
