---
source: src/test.rs
expression: "&snapshot"
---
--- Input ---
-1.0
---

Some(
    (
        Unary(
            Neg,
            (
                Float(1, 0),
                1..4,
            ),
        ),
        0..4,
    ),
)

--- Errors ---
[]
---
