---
source: src/tests/expr.rs
expression: "&snapshot"
---
--- Input ---
 "Hello World!\n" 
---

Some(
    Spanned(
        String("Hello World!\n"),
        1..17,
    ),
)

--- Errors ---
[]
---
