---
source: src/test.rs
expression: "&snapshot"
---
--- Input ---
(grouped_ident)
---

Some(
    (
        Ident("grouped_ident"),
        1..14,
    ),
)

--- Errors ---
[]
---
