---
source: src/tests/expr.rs
expression: "&snapshot"
---
--- Input ---
1.0
---

Some(
    Spanned(
        Float(1, 0),
        0..3,
    ),
)

--- Errors ---
[]
---
