---
source: src/tests/expr.rs
expression: "&snapshot"
---
--- Input ---
.{ }
---

Some(
    Spanned(
        Record {
            name: None,
            fields: [],
        },
        0..4,
    ),
)

--- Errors ---
[]
---
