---
source: src/tests/expr.rs
expression: "&snapshot"
---
--- Input ---
lhs - rhs
---

Some(
    Spanned(
        Binary(
            Spanned(
                Ident("lhs"),
                0..3,
            ),
            Sub,
            Spanned(
                Ident("rhs"),
                6..9,
            ),
        ),
        0..9,
    ),
)

--- Errors ---
[]
---
