---
source: crates/rym_parser/src/tests/expr.rs
expression: "&snapshot"
---
--- Input ---
-0.
---

Some(
    Spanned(
        Unary(
            Neg,
            Spanned(
                Literal(
                    Spanned(
                        Float(0),
                        1..3,
                    ),
                ),
                1..3,
            ),
        ),
        0..3,
    ),
)

--- Errors ---
[]
---
