---
source: src/test.rs
expression: "&snapshot"
---
---
{ }
---

Ok(
    (
        Block(
            [],
        ),
        0..3,
    ),
)
